------------------------------------------------------------------------------------------
      name:  <unnamed>
       log:  C:\Users\ENCDHFOR\Documents\GitHub\school-age-children-and-covid\analysis\log
> \02_an_checks.log
  log type:  text
 opened on:  26 Jun 2020, 15:07:44

. 
. * Open Stata dataset
. use $tempdir\analysis_dataset, clear

. 
. *run ssc install if not already installed on your computer
. *ssc install datacheck 
. 
. *Duplicate patient check
. datacheck _n==1, by(patient_id) nol

. 
. 
. /* CHECK INCLUSION AND EXCLUSION CRITERIA=====================================*/ 
. 
. * DATA STRUCTURE: Confirm one row per patient 
. duplicates tag patient_id, generate(dup_check)

Duplicates in terms of patient_id

. assert dup_check == 0 

. drop dup_check

. 
. * INCLUSION 1: >=18 and <=110 at 1 March 2020 
. assert age < .

. assert age >= 18 

. assert age <= 110

.  
. * INCLUSION 2: M or F gender at 1 March 2020 
. assert inlist(sex, "M", "F")

. 
. * EXCLUDE 1:  MISSING IMD
. assert inlist(imd, 1, 2, 3, 4, 5)

. 
. * EXCLUDE 2:  HH with more than 10 people
. assert inlist(household_size, 1, 2, 3, 4, 5,6, 7, 8, 9, 10)
88 contradictions in 3,680 observations
assertion is false
r(9);

end of do-file
r(9);

end of do-file

r(9);

. do "C:\Users\ENCDHFOR\AppData\Local\Temp\STD23f4_000000.tmp"

. /* EXPECTED VALUES============================================================*/ 
. 
. *HH
. datacheck kids_cat3<., nol

. datacheck inlist(kids_cat3, 0,1, 2), nol

. 
. datacheck kids_cat2_0_18yrs<., nol

. datacheck inlist(kids_cat2_0_18yrs, 0,1), nol

. 
. datacheck kids_cat2_1_11yrs<., nol

. datacheck inlist(kids_cat2_0_18yrs, 0,1), nol

. 
. datacheck number_kids<., nol

. datacheck inlist(number_kids, 0,1,2,3,4,5,6,7,8,9), nol

. 
. * Age
. datacheck age<., nol

. datacheck inlist(agegroup, 1, 2, 3, 4, 5, 6), nol

 (340 contradictions)

. datacheck inlist(age66, 0, 1), nol

. 
. * Sex
. datacheck inlist(male, 0, 1), nol

. 
. * BMI 
. datacheck inlist(obese4cat, 1, 2, 3, 4), nol

. datacheck inlist(bmicat, 1, 2, 3, 4, 5, 6, .u), nol

. 
. * IMD
. datacheck inlist(imd, 1, 2, 3, 4, 5), nol

. 
. * Ethnicity
. datacheck inlist(ethnicity, 1, 2, 3, 4, 5, .u), nol

. 
. * Smoking
. datacheck inlist(smoke, 1, 2, 3, .u), nol

. datacheck inlist(smoke_nomiss, 1, 2, 3), nol 

. 
. 
. * Check date ranges for all comorbidities 
. 
. foreach var of varlist                  asthma                                          
> ///
>                                         chronic_respiratory_disease     ///
>                                         chronic_cardiac_disease         ///
>                                         diabetes                                        
>         ///
>                                         chronic_liver_disease           ///
>                                         neurological_disease                    ///
>                                         ra_sle_psoriasis                                
> ///
>                                         perm_immunodef  ///
>                                         temp_immunodef  ///                             
>                                         cancer                                          
> ///
>                                         ckd                                             
>         ///
>                                         hypertension                            ///
>                                         {
  2.                                                 
.         summ `var'_date, format
  3. 
. }

    Variable |        Obs        Mean    Std. Dev.       Min        Max
-------------+---------------------------------------------------------
 asthma_date |        720   21feb1995    5249.544  15jan1970  15feb2020

    Variable |        Obs        Mean    Std. Dev.       Min        Max
-------------+---------------------------------------------------------
chronic_r~te |        712   21aug1995    5218.136  15jan1970  15feb2020

    Variable |        Obs        Mean    Std. Dev.       Min        Max
-------------+---------------------------------------------------------
chronic_c~te |        742   27jul1994    5205.642  15jan1970  15feb2020

    Variable |        Obs        Mean    Std. Dev.       Min        Max
-------------+---------------------------------------------------------
diabetes_d~e |        731   21jan1995    5224.544  15jan1970  15feb2020

    Variable |        Obs        Mean    Std. Dev.       Min        Max
-------------+---------------------------------------------------------
chronic_l~te |        718   14mar1995    5221.328  15jan1970  15feb2020

    Variable |        Obs        Mean    Std. Dev.       Min        Max
-------------+---------------------------------------------------------
neurologi~te |        705   17feb1995    5341.784  15jan1970  15feb2020

    Variable |        Obs        Mean    Std. Dev.       Min        Max
-------------+---------------------------------------------------------
ra_sle_pso~e |        757   14may1995    5248.146  15mar1970  15jan2020

    Variable |        Obs        Mean    Std. Dev.       Min        Max
-------------+---------------------------------------------------------
perm_immun~e |        721   29mar1995    5164.291  15jan1970  15feb2020

    Variable |        Obs        Mean    Std. Dev.       Min        Max
-------------+---------------------------------------------------------
temp_immun~e |        740   03sep2019    103.4664  15mar2019  15feb2020

    Variable |        Obs        Mean    Std. Dev.       Min        Max
-------------+---------------------------------------------------------
 cancer_date |        750   19may1993    5194.888  15jan1970  15feb2020

    Variable |        Obs        Mean    Std. Dev.       Min        Max
-------------+---------------------------------------------------------
    ckd_date |        764   25aug1997    5761.234  15mar1970  15feb2020

    Variable |        Obs        Mean    Std. Dev.       Min        Max
-------------+---------------------------------------------------------
hypertensi~e |        735   24apr1995    5283.433  15feb1970  15jun2020

. 
. foreach comorb in $varlist { 
  2. 
.         local comorb: subinstr local comorb "i." ""
  3.         tab `comorb', m
  4.         
. }

 Evidence of obesity |
      (4 categories) |      Freq.     Percent        Cum.
---------------------+-----------------------------------
No record of obesity |      3,216       87.39       87.39
   Obese I (30-34.9) |        152        4.13       91.52
  Obese II (35-39.9) |        144        3.91       95.43
     Obese III (40+) |        168        4.57      100.00
---------------------+-----------------------------------
               Total |      3,680      100.00

     Smoking |
      status |
(missing set |
     to non) |      Freq.     Percent        Cum.
-------------+-----------------------------------
       Never |      3,153       85.68       85.68
      Former |         60        1.63       87.31
     Current |        467       12.69      100.00
-------------+-----------------------------------
       Total |      3,680      100.00

        Index of |
        Multiple |
     Deprivation |
           (IMD) |      Freq.     Percent        Cum.
-----------------+-----------------------------------
1 least deprived |      2,564       69.67       69.67
               4 |        726       19.73       89.40
 5 most deprived |        390       10.60      100.00
-----------------+-----------------------------------
           Total |      3,680      100.00

Asthma ever |      Freq.     Percent        Cum.
------------+-----------------------------------
          0 |      2,960       80.43       80.43
          1 |        720       19.57      100.00
------------+-----------------------------------
      Total |      3,680      100.00

    Chronic |
Respiratory |
   Diseases |      Freq.     Percent        Cum.
------------+-----------------------------------
          0 |      2,968       80.65       80.65
          1 |        712       19.35      100.00
------------+-----------------------------------
      Total |      3,680      100.00

    Chronic |
    Cardiac |
   Diseases |      Freq.     Percent        Cum.
------------+-----------------------------------
          0 |      2,938       79.84       79.84
          1 |        742       20.16      100.00
------------+-----------------------------------
      Total |      3,680      100.00

   Diabetes |      Freq.     Percent        Cum.
------------+-----------------------------------
          0 |      2,949       80.14       80.14
          1 |        731       19.86      100.00
------------+-----------------------------------
      Total |      3,680      100.00

    Chronic |
      liver |
    disease |      Freq.     Percent        Cum.
------------+-----------------------------------
          0 |      2,962       80.49       80.49
          1 |        718       19.51      100.00
------------+-----------------------------------
      Total |      3,680      100.00

Neurologica |
  l disease |      Freq.     Percent        Cum.
------------+-----------------------------------
          0 |      2,975       80.84       80.84
          1 |        705       19.16      100.00
------------+-----------------------------------
      Total |      3,680      100.00

 Autoimmune |
    disease |      Freq.     Percent        Cum.
------------+-----------------------------------
          0 |      2,923       79.43       79.43
          1 |        757       20.57      100.00
------------+-----------------------------------
      Total |      3,680      100.00

Immunosuppr |
      essed |
(combinatio |
          n |
 algorithm) |      Freq.     Percent        Cum.
------------+-----------------------------------
          1 |      3,680      100.00      100.00
------------+-----------------------------------
      Total |      3,680      100.00

     Cancer |      Freq.     Percent        Cum.
------------+-----------------------------------
          0 |      2,930       79.62       79.62
          1 |        750       20.38      100.00
------------+-----------------------------------
      Total |      3,680      100.00

    Chronic |
     kidney |
    disease |      Freq.     Percent        Cum.
------------+-----------------------------------
     No CKD |      2,916       79.24       79.24
        CKD |        764       20.76      100.00
------------+-----------------------------------
      Total |      3,680      100.00

  Diagnosed |
hypertensio |
          n |      Freq.     Percent        Cum.
------------+-----------------------------------
          0 |      2,945       80.03       80.03
          1 |        735       19.97      100.00
------------+-----------------------------------
      Total |      3,680      100.00

. 
. * Outcome dates
. summ  stime_cpnsdeath stime_onscoviddeath,   format

    Variable |        Obs        Mean    Std. Dev.       Min        Max
-------------+---------------------------------------------------------
stime_cpns~h |      3,680   27apr2020    1.557722  06mar2020  28apr2020
stime_onsc~h |      3,680   21may2020    1.569373  06mar2020  22may2020

. summ  died_date_onsnoncovid died_date_cpns died_date_onscovid, format

    Variable |        Obs        Mean    Std. Dev.       Min        Max
-------------+---------------------------------------------------------
died_~ncovid |          2   16mar2020    14.84924  06mar2020  27mar2020
died_date_~s |          8   17apr2020    27.89233  10mar2020  31may2020
died_~scovid |          1   21may2020           .  21may2020  21may2020

. 
. /* LOGICAL RELATIONSHIPS======================================================*/ 
. 
. *HH variables
. tab kids_cat3 kids_cat2_0_18yrs

  Presence of |
  children or |
 young people | Presence of under 18s
       in the |   in the household
    household | No kids u  Kids unde |     Total
--------------+----------------------+----------
      No kids |       471          0 |       471 
Kids under 11 |         0      2,883 |     2,883 
Kids under 18 |         0        326 |       326 
--------------+----------------------+----------
        Total |       471      3,209 |     3,680 

. tab kids_cat3 kids_cat2_1_11yrs

  Presence of |
  children or | Presence of children
 young people |  aged 1-<11 years in
       in the |     the household
    household | No kids a  Kids aged |     Total
--------------+----------------------+----------
      No kids |       471          0 |       471 
Kids under 11 |        95      2,788 |     2,883 
Kids under 18 |       326          0 |       326 
--------------+----------------------+----------
        Total |       892      2,788 |     3,680 

. tab kids_cat2_0_18yrs kids_cat2_1_11yrs

                 | Presence of children
     Presence of |  aged 1-<11 years in
under 18s in the |     the household
       household | No kids a  Kids aged |     Total
-----------------+----------------------+----------
No kids under 18 |       471          0 |       471 
   Kids under 18 |       421      2,788 |     3,209 
-----------------+----------------------+----------
           Total |       892      2,788 |     3,680 

. tab number_kids

  Number of |
   children |
 aged 1-<11 |
   years in |
  household |      Freq.     Percent        Cum.
------------+-----------------------------------
          0 |        892       24.24       24.24
          1 |      1,052       28.59       52.83
          2 |        794       21.58       74.40
          3 |        527       14.32       88.72
          4 |        255        6.93       95.65
          5 |        108        2.93       98.59
          6 |         29        0.79       99.38
          7 |         23        0.63      100.00
------------+-----------------------------------
      Total |      3,680      100.00

. 
. * BMI
. bysort bmicat: summ bmi

------------------------------------------------------------------------------------------
-> bmicat = Underweight (<18.5)

    Variable |        Obs        Mean    Std. Dev.       Min        Max
-------------+---------------------------------------------------------
         bmi |         15    17.44093    .8753708   15.74631   18.48333

------------------------------------------------------------------------------------------
-> bmicat = Normal (18.5-24.9)

    Variable |        Obs        Mean    Std. Dev.       Min        Max
-------------+---------------------------------------------------------
         bmi |         77    22.28241    1.884605   18.55356   24.99022

------------------------------------------------------------------------------------------
-> bmicat = Overweight (25-29.9)

    Variable |        Obs        Mean    Std. Dev.       Min        Max
-------------+---------------------------------------------------------
         bmi |        118    27.44037     1.40234   25.00838   29.77144

------------------------------------------------------------------------------------------
-> bmicat = Obese I (30-34.9)

    Variable |        Obs        Mean    Std. Dev.       Min        Max
-------------+---------------------------------------------------------
         bmi |        152    32.46907    1.428203   30.03608   34.97689

------------------------------------------------------------------------------------------
-> bmicat = Obese II (35-39.9)

    Variable |        Obs        Mean    Std. Dev.       Min        Max
-------------+---------------------------------------------------------
         bmi |        144    37.63126     1.42375   35.01281   39.97686

------------------------------------------------------------------------------------------
-> bmicat = Obese III (40+)

    Variable |        Obs        Mean    Std. Dev.       Min        Max
-------------+---------------------------------------------------------
         bmi |        168    44.40384    2.914102   40.07989   49.94193

------------------------------------------------------------------------------------------
-> bmicat = Unknown (.u)

    Variable |        Obs        Mean    Std. Dev.       Min        Max
-------------+---------------------------------------------------------
         bmi |          0


. tab bmicat obese4cat, m

                     |     Evidence of obesity (4 categories)
         Grouped BMI | No record  Obese I (  Obese II   Obese III |     Total
---------------------+--------------------------------------------+----------
 Underweight (<18.5) |        15          0          0          0 |        15 
  Normal (18.5-24.9) |        77          0          0          0 |        77 
Overweight (25-29.9) |       118          0          0          0 |       118 
   Obese I (30-34.9) |         0        152          0          0 |       152 
  Obese II (35-39.9) |         0          0        144          0 |       144 
     Obese III (40+) |         0          0          0        168 |       168 
        Unknown (.u) |     3,006          0          0          0 |     3,006 
---------------------+--------------------------------------------+----------
               Total |     3,216        152        144        168 |     3,680 

. 
. * Age
. bysort agegroup: summ age

------------------------------------------------------------------------------------------
-> agegroup = 30-<40

    Variable |        Obs        Mean    Std. Dev.       Min        Max
-------------+---------------------------------------------------------
         age |        435    37.04598    1.406929         35         39

------------------------------------------------------------------------------------------
-> agegroup = 40-<50

    Variable |        Obs        Mean    Std. Dev.       Min        Max
-------------+---------------------------------------------------------
         age |        843    44.60142    2.827604         40         49

------------------------------------------------------------------------------------------
-> agegroup = 50-<60

    Variable |        Obs        Mean    Std. Dev.       Min        Max
-------------+---------------------------------------------------------
         age |        841    54.50178    2.982538         50         59

------------------------------------------------------------------------------------------
-> agegroup = 60-<70

    Variable |        Obs        Mean    Std. Dev.       Min        Max
-------------+---------------------------------------------------------
         age |        686    64.40671    2.929221         60         69

------------------------------------------------------------------------------------------
-> agegroup = 70-<80

    Variable |        Obs        Mean    Std. Dev.       Min        Max
-------------+---------------------------------------------------------
         age |        535    74.04112    2.841999         70         79

------------------------------------------------------------------------------------------
-> agegroup = 80+

    Variable |        Obs        Mean    Std. Dev.       Min        Max
-------------+---------------------------------------------------------
         age |        340    85.83529    4.785295         80        102


. tab agegroup age66, m

   Grouped |  66 years and older
       age |         0          1 |     Total
-----------+----------------------+----------
    30-<40 |       435          0 |       435 
    40-<50 |       843          0 |       843 
    50-<60 |       841          0 |       841 
    60-<70 |       471        215 |       686 
    70-<80 |         0        535 |       535 
       80+ |         0        340 |       340 
-----------+----------------------+----------
     Total |     2,590      1,090 |     3,680 

. 
. * Smoking
. tab smoke smoke_nomiss, m

             |  Smoking status (missing set to
     Smoking |               non)
      status |     Never     Former    Current |     Total
-------------+---------------------------------+----------
       Never |       134          0          0 |       134 
      Former |         0         60          0 |        60 
     Current |         0          0        467 |       467 
Unknown (.u) |     3,019          0          0 |     3,019 
-------------+---------------------------------+----------
       Total |     3,153         60        467 |     3,680 

. 
. * Diabetes
. tab diabcat diabetes, m
variable diabcat not found
r(111);

end of do-file

r(111);

. do "C:\Users\ENCDHFOR\AppData\Local\Temp\STD23f4_000000.tmp"

. * CKD
. tab ckd egfr_cat, m

   Chronic |
    kidney |         Calculated eGFR
   disease |        45         60          . |     Total
-----------+---------------------------------+----------
    No CKD |         0      2,753        163 |     2,916 
       CKD |        64        665         35 |       764 
-----------+---------------------------------+----------
     Total |        64      3,418        198 |     3,680 

. 
. 
. /* EXPECTED RELATIONSHIPS=====================================================*/ 
. 
. /*  Relationships between demographic/lifestyle variables  */
. tab agegroup bmicat,    row 

+----------------+
| Key            |
|----------------|
|   frequency    |
| row percentage |
+----------------+

   Grouped |                            Grouped BMI
       age | Underweig  Normal (1  Overweigh  Obese I (  Obese II   Obese III |     Total
-----------+------------------------------------------------------------------+----------
    30-<40 |         1         12         15         16         17         19 |        80 
           |      1.25      15.00      18.75      20.00      21.25      23.75 |    100.00 
-----------+------------------------------------------------------------------+----------
    40-<50 |         4         19         33         36         36         47 |       175 
           |      2.29      10.86      18.86      20.57      20.57      26.86 |    100.00 
-----------+------------------------------------------------------------------+----------
    50-<60 |         2         15         28         34         35         32 |       146 
           |      1.37      10.27      19.18      23.29      23.97      21.92 |    100.00 
-----------+------------------------------------------------------------------+----------
    60-<70 |         4         13         19         27         27         32 |       122 
           |      3.28      10.66      15.57      22.13      22.13      26.23 |    100.00 
-----------+------------------------------------------------------------------+----------
    70-<80 |         3         13         15         27         19         22 |        99 
           |      3.03      13.13      15.15      27.27      19.19      22.22 |    100.00 
-----------+------------------------------------------------------------------+----------
       80+ |         1          5          8         12         10         16 |        52 
           |      1.92       9.62      15.38      23.08      19.23      30.77 |    100.00 
-----------+------------------------------------------------------------------+----------
     Total |        15         77        118        152        144        168 |       674 
           |      2.23      11.42      17.51      22.55      21.36      24.93 |    100.00 

. tab agegroup smoke,     row  

+----------------+
| Key            |
|----------------|
|   frequency    |
| row percentage |
+----------------+

   Grouped |          Smoking status
       age |     Never     Former    Current |     Total
-----------+---------------------------------+----------
    30-<40 |        17          7         54 |        78 
           |     21.79       8.97      69.23 |    100.00 
-----------+---------------------------------+----------
    40-<50 |        39         13         95 |       147 
           |     26.53       8.84      64.63 |    100.00 
-----------+---------------------------------+----------
    50-<60 |        36         19        106 |       161 
           |     22.36      11.80      65.84 |    100.00 
-----------+---------------------------------+----------
    60-<70 |        17         11        105 |       133 
           |     12.78       8.27      78.95 |    100.00 
-----------+---------------------------------+----------
    70-<80 |        17          6         71 |        94 
           |     18.09       6.38      75.53 |    100.00 
-----------+---------------------------------+----------
       80+ |         8          4         36 |        48 
           |     16.67       8.33      75.00 |    100.00 
-----------+---------------------------------+----------
     Total |       134         60        467 |       661 
           |     20.27       9.08      70.65 |    100.00 

. tab agegroup ethnicity, row 

+----------------+
| Key            |
|----------------|
|   frequency    |
| row percentage |
+----------------+

   Grouped |            Ethnicity
       age |     White  Asian or       Other |     Total
-----------+---------------------------------+----------
    30-<40 |       249         24         32 |       305 
           |     81.64       7.87      10.49 |    100.00 
-----------+---------------------------------+----------
    40-<50 |       508         68         66 |       642 
           |     79.13      10.59      10.28 |    100.00 
-----------+---------------------------------+----------
    50-<60 |       505         62         65 |       632 
           |     79.91       9.81      10.28 |    100.00 
-----------+---------------------------------+----------
    60-<70 |       413         55         50 |       518 
           |     79.73      10.62       9.65 |    100.00 
-----------+---------------------------------+----------
    70-<80 |       320         44         42 |       406 
           |     78.82      10.84      10.34 |    100.00 
-----------+---------------------------------+----------
       80+ |       205         25         24 |       254 
           |     80.71       9.84       9.45 |    100.00 
-----------+---------------------------------+----------
     Total |     2,200        278        279 |     2,757 
           |     79.80      10.08      10.12 |    100.00 

. tab agegroup imd,               row 

+----------------+
| Key            |
|----------------|
|   frequency    |
| row percentage |
+----------------+

           |  Index of Multiple Deprivation
   Grouped |              (IMD)
       age | 1 least d          4  5 most de |     Total
-----------+---------------------------------+----------
    30-<40 |       312         83         40 |       435 
           |     71.72      19.08       9.20 |    100.00 
-----------+---------------------------------+----------
    40-<50 |       587        167         89 |       843 
           |     69.63      19.81      10.56 |    100.00 
-----------+---------------------------------+----------
    50-<60 |       572        174         95 |       841 
           |     68.01      20.69      11.30 |    100.00 
-----------+---------------------------------+----------
    60-<70 |       471        135         80 |       686 
           |     68.66      19.68      11.66 |    100.00 
-----------+---------------------------------+----------
    70-<80 |       376        104         55 |       535 
           |     70.28      19.44      10.28 |    100.00 
-----------+---------------------------------+----------
       80+ |       246         63         31 |       340 
           |     72.35      18.53       9.12 |    100.00 
-----------+---------------------------------+----------
     Total |     2,564        726        390 |     3,680 
           |     69.67      19.73      10.60 |    100.00 

. 
. tab bmicat smoke,                row   

+----------------+
| Key            |
|----------------|
|   frequency    |
| row percentage |
+----------------+

                     |          Smoking status
         Grouped BMI |     Never     Former    Current |     Total
---------------------+---------------------------------+----------
 Underweight (<18.5) |         1          0          2 |         3 
                     |     33.33       0.00      66.67 |    100.00 
---------------------+---------------------------------+----------
  Normal (18.5-24.9) |         3          2          8 |        13 
                     |     23.08      15.38      61.54 |    100.00 
---------------------+---------------------------------+----------
Overweight (25-29.9) |         4          2         13 |        19 
                     |     21.05      10.53      68.42 |    100.00 
---------------------+---------------------------------+----------
   Obese I (30-34.9) |         4          2         21 |        27 
                     |     14.81       7.41      77.78 |    100.00 
---------------------+---------------------------------+----------
  Obese II (35-39.9) |         4          1         18 |        23 
                     |     17.39       4.35      78.26 |    100.00 
---------------------+---------------------------------+----------
     Obese III (40+) |         6          3         25 |        34 
                     |     17.65       8.82      73.53 |    100.00 
---------------------+---------------------------------+----------
               Total |        22         10         87 |       119 
                     |     18.49       8.40      73.11 |    100.00 

. tab bmicat ethnicity,    row 

+----------------+
| Key            |
|----------------|
|   frequency    |
| row percentage |
+----------------+

                     |            Ethnicity
         Grouped BMI |     White  Asian or       Other |     Total
---------------------+---------------------------------+----------
 Underweight (<18.5) |         8          1          1 |        10 
                     |     80.00      10.00      10.00 |    100.00 
---------------------+---------------------------------+----------
  Normal (18.5-24.9) |        56          4          7 |        67 
                     |     83.58       5.97      10.45 |    100.00 
---------------------+---------------------------------+----------
Overweight (25-29.9) |        73          7         14 |        94 
                     |     77.66       7.45      14.89 |    100.00 
---------------------+---------------------------------+----------
   Obese I (30-34.9) |        87         13         10 |       110 
                     |     79.09      11.82       9.09 |    100.00 
---------------------+---------------------------------+----------
  Obese II (35-39.9) |        74         15         10 |        99 
                     |     74.75      15.15      10.10 |    100.00 
---------------------+---------------------------------+----------
     Obese III (40+) |        97         16         16 |       129 
                     |     75.19      12.40      12.40 |    100.00 
---------------------+---------------------------------+----------
               Total |       395         56         58 |       509 
                     |     77.60      11.00      11.39 |    100.00 

. tab bmicat imd,                  row 

+----------------+
| Key            |
|----------------|
|   frequency    |
| row percentage |
+----------------+

                     |  Index of Multiple Deprivation
                     |              (IMD)
         Grouped BMI | 1 least d          4  5 most de |     Total
---------------------+---------------------------------+----------
 Underweight (<18.5) |         9          5          1 |        15 
                     |     60.00      33.33       6.67 |    100.00 
---------------------+---------------------------------+----------
  Normal (18.5-24.9) |        53         10         14 |        77 
                     |     68.83      12.99      18.18 |    100.00 
---------------------+---------------------------------+----------
Overweight (25-29.9) |        84         20         14 |       118 
                     |     71.19      16.95      11.86 |    100.00 
---------------------+---------------------------------+----------
   Obese I (30-34.9) |       111         26         15 |       152 
                     |     73.03      17.11       9.87 |    100.00 
---------------------+---------------------------------+----------
  Obese II (35-39.9) |        99         30         15 |       144 
                     |     68.75      20.83      10.42 |    100.00 
---------------------+---------------------------------+----------
     Obese III (40+) |       122         27         19 |       168 
                     |     72.62      16.07      11.31 |    100.00 
---------------------+---------------------------------+----------
               Total |       478        118         78 |       674 
                     |     70.92      17.51      11.57 |    100.00 

. tab bmicat hypertension, row 

+----------------+
| Key            |
|----------------|
|   frequency    |
| row percentage |
+----------------+

                     |       Diagnosed
                     |     hypertension
         Grouped BMI |         0          1 |     Total
---------------------+----------------------+----------
 Underweight (<18.5) |        15          0 |        15 
                     |    100.00       0.00 |    100.00 
---------------------+----------------------+----------
  Normal (18.5-24.9) |        67         10 |        77 
                     |     87.01      12.99 |    100.00 
---------------------+----------------------+----------
Overweight (25-29.9) |        95         23 |       118 
                     |     80.51      19.49 |    100.00 
---------------------+----------------------+----------
   Obese I (30-34.9) |       118         34 |       152 
                     |     77.63      22.37 |    100.00 
---------------------+----------------------+----------
  Obese II (35-39.9) |       110         34 |       144 
                     |     76.39      23.61 |    100.00 
---------------------+----------------------+----------
     Obese III (40+) |       134         34 |       168 
                     |     79.76      20.24 |    100.00 
---------------------+----------------------+----------
               Total |       539        135 |       674 
                     |     79.97      20.03 |    100.00 

.                             
. tab smoke ethnicity,    row 

+----------------+
| Key            |
|----------------|
|   frequency    |
| row percentage |
+----------------+

     Smoking |            Ethnicity
      status |     White  Asian or       Other |     Total
-------------+---------------------------------+----------
       Never |        78         10         14 |       102 
             |     76.47       9.80      13.73 |    100.00 
-------------+---------------------------------+----------
      Former |        35          3          4 |        42 
             |     83.33       7.14       9.52 |    100.00 
-------------+---------------------------------+----------
     Current |       284         36         34 |       354 
             |     80.23      10.17       9.60 |    100.00 
-------------+---------------------------------+----------
       Total |       397         49         52 |       498 
             |     79.72       9.84      10.44 |    100.00 

. tab smoke imd,                  row 

+----------------+
| Key            |
|----------------|
|   frequency    |
| row percentage |
+----------------+

             |  Index of Multiple Deprivation
     Smoking |              (IMD)
      status | 1 least d          4  5 most de |     Total
-------------+---------------------------------+----------
       Never |       102         20         12 |       134 
             |     76.12      14.93       8.96 |    100.00 
-------------+---------------------------------+----------
      Former |        40         10         10 |        60 
             |     66.67      16.67      16.67 |    100.00 
-------------+---------------------------------+----------
     Current |       323         97         47 |       467 
             |     69.16      20.77      10.06 |    100.00 
-------------+---------------------------------+----------
       Total |       465        127         69 |       661 
             |     70.35      19.21      10.44 |    100.00 

. tab smoke hypertension, row 

+----------------+
| Key            |
|----------------|
|   frequency    |
| row percentage |
+----------------+

             |       Diagnosed
     Smoking |     hypertension
      status |         0          1 |     Total
-------------+----------------------+----------
       Never |       111         23 |       134 
             |     82.84      17.16 |    100.00 
-------------+----------------------+----------
      Former |        51          9 |        60 
             |     85.00      15.00 |    100.00 
-------------+----------------------+----------
     Current |       374         93 |       467 
             |     80.09      19.91 |    100.00 
-------------+----------------------+----------
       Total |       536        125 |       661 
             |     81.09      18.91 |    100.00 

.                             
. tab ethnicity imd,              row 

+----------------+
| Key            |
|----------------|
|   frequency    |
| row percentage |
+----------------+

                      |  Index of Multiple Deprivation
                      |              (IMD)
            Ethnicity | 1 least d          4  5 most de |     Total
----------------------+---------------------------------+----------
                White |     1,524        431        245 |     2,200 
                      |     69.27      19.59      11.14 |    100.00 
----------------------+---------------------------------+----------
Asian or Asian Britis |       187         51         40 |       278 
                      |     67.27      18.35      14.39 |    100.00 
----------------------+---------------------------------+----------
                Other |       198         52         29 |       279 
                      |     70.97      18.64      10.39 |    100.00 
----------------------+---------------------------------+----------
                Total |     1,909        534        314 |     2,757 
                      |     69.24      19.37      11.39 |    100.00 

. 
. * Relationships with age
. foreach var of varlist  asthma                                          ///
>                                         chronic_respiratory_disease     ///
>                                         chronic_cardiac_disease         ///
>                                         diabetes                                        
>         ///
>                                         chronic_liver_disease           ///
>                                         neurological_disease                    ///
>                                         ra_sle_psoriasis                                
> ///
>                                         immunodef_any                           ///
>                                         cancer                                          
> ///
>                                         ckd                                             
>         ///
>                                         hypertension                            
{ required
r(100);

end of do-file

r(100);

. do "C:\Users\ENCDHFOR\AppData\Local\Temp\STD23f4_000000.tmp"

. * Relationships with age
. foreach var of varlist  asthma                                          ///
>                                         chronic_respiratory_disease     ///
>                                         chronic_cardiac_disease         ///
>                                         diabetes                                        
>         ///
>                                         chronic_liver_disease           ///
>                                         neurological_disease                    ///
>                                         ra_sle_psoriasis                                
> ///
>                                         immunodef_any                           ///
>                                         cancer                                          
> ///
>                                         ckd                                             
>         ///
>                                         hypertension            ///             
>                                                                                 {
  2. 
.                 
.         tab agegroup `var', row 
  3.  }

+----------------+
| Key            |
|----------------|
|   frequency    |
| row percentage |
+----------------+

   Grouped |      Asthma ever
       age |         0          1 |     Total
-----------+----------------------+----------
    30-<40 |       351         84 |       435 
           |     80.69      19.31 |    100.00 
-----------+----------------------+----------
    40-<50 |       672        171 |       843 
           |     79.72      20.28 |    100.00 
-----------+----------------------+----------
    50-<60 |       692        149 |       841 
           |     82.28      17.72 |    100.00 
-----------+----------------------+----------
    60-<70 |       547        139 |       686 
           |     79.74      20.26 |    100.00 
-----------+----------------------+----------
    70-<80 |       426        109 |       535 
           |     79.63      20.37 |    100.00 
-----------+----------------------+----------
       80+ |       272         68 |       340 
           |     80.00      20.00 |    100.00 
-----------+----------------------+----------
     Total |     2,960        720 |     3,680 
           |     80.43      19.57 |    100.00 

+----------------+
| Key            |
|----------------|
|   frequency    |
| row percentage |
+----------------+

           |  Chronic Respiratory
   Grouped |       Diseases
       age |         0          1 |     Total
-----------+----------------------+----------
    30-<40 |       348         87 |       435 
           |     80.00      20.00 |    100.00 
-----------+----------------------+----------
    40-<50 |       701        142 |       843 
           |     83.16      16.84 |    100.00 
-----------+----------------------+----------
    50-<60 |       684        157 |       841 
           |     81.33      18.67 |    100.00 
-----------+----------------------+----------
    60-<70 |       537        149 |       686 
           |     78.28      21.72 |    100.00 
-----------+----------------------+----------
    70-<80 |       437         98 |       535 
           |     81.68      18.32 |    100.00 
-----------+----------------------+----------
       80+ |       261         79 |       340 
           |     76.76      23.24 |    100.00 
-----------+----------------------+----------
     Total |     2,968        712 |     3,680 
           |     80.65      19.35 |    100.00 

+----------------+
| Key            |
|----------------|
|   frequency    |
| row percentage |
+----------------+

           |    Chronic Cardiac
   Grouped |       Diseases
       age |         0          1 |     Total
-----------+----------------------+----------
    30-<40 |       353         82 |       435 
           |     81.15      18.85 |    100.00 
-----------+----------------------+----------
    40-<50 |       662        181 |       843 
           |     78.53      21.47 |    100.00 
-----------+----------------------+----------
    50-<60 |       656        185 |       841 
           |     78.00      22.00 |    100.00 
-----------+----------------------+----------
    60-<70 |       562        124 |       686 
           |     81.92      18.08 |    100.00 
-----------+----------------------+----------
    70-<80 |       433        102 |       535 
           |     80.93      19.07 |    100.00 
-----------+----------------------+----------
       80+ |       272         68 |       340 
           |     80.00      20.00 |    100.00 
-----------+----------------------+----------
     Total |     2,938        742 |     3,680 
           |     79.84      20.16 |    100.00 

+----------------+
| Key            |
|----------------|
|   frequency    |
| row percentage |
+----------------+

   Grouped |       Diabetes
       age |         0          1 |     Total
-----------+----------------------+----------
    30-<40 |       371         64 |       435 
           |     85.29      14.71 |    100.00 
-----------+----------------------+----------
    40-<50 |       677        166 |       843 
           |     80.31      19.69 |    100.00 
-----------+----------------------+----------
    50-<60 |       659        182 |       841 
           |     78.36      21.64 |    100.00 
-----------+----------------------+----------
    60-<70 |       533        153 |       686 
           |     77.70      22.30 |    100.00 
-----------+----------------------+----------
    70-<80 |       442         93 |       535 
           |     82.62      17.38 |    100.00 
-----------+----------------------+----------
       80+ |       267         73 |       340 
           |     78.53      21.47 |    100.00 
-----------+----------------------+----------
     Total |     2,949        731 |     3,680 
           |     80.14      19.86 |    100.00 

+----------------+
| Key            |
|----------------|
|   frequency    |
| row percentage |
+----------------+

   Grouped | Chronic liver disease
       age |         0          1 |     Total
-----------+----------------------+----------
    30-<40 |       349         86 |       435 
           |     80.23      19.77 |    100.00 
-----------+----------------------+----------
    40-<50 |       683        160 |       843 
           |     81.02      18.98 |    100.00 
-----------+----------------------+----------
    50-<60 |       676        165 |       841 
           |     80.38      19.62 |    100.00 
-----------+----------------------+----------
    60-<70 |       551        135 |       686 
           |     80.32      19.68 |    100.00 
-----------+----------------------+----------
    70-<80 |       428        107 |       535 
           |     80.00      20.00 |    100.00 
-----------+----------------------+----------
       80+ |       275         65 |       340 
           |     80.88      19.12 |    100.00 
-----------+----------------------+----------
     Total |     2,962        718 |     3,680 
           |     80.49      19.51 |    100.00 

+----------------+
| Key            |
|----------------|
|   frequency    |
| row percentage |
+----------------+

   Grouped | Neurological disease
       age |         0          1 |     Total
-----------+----------------------+----------
    30-<40 |       343         92 |       435 
           |     78.85      21.15 |    100.00 
-----------+----------------------+----------
    40-<50 |       701        142 |       843 
           |     83.16      16.84 |    100.00 
-----------+----------------------+----------
    50-<60 |       679        162 |       841 
           |     80.74      19.26 |    100.00 
-----------+----------------------+----------
    60-<70 |       566        120 |       686 
           |     82.51      17.49 |    100.00 
-----------+----------------------+----------
    70-<80 |       418        117 |       535 
           |     78.13      21.87 |    100.00 
-----------+----------------------+----------
       80+ |       268         72 |       340 
           |     78.82      21.18 |    100.00 
-----------+----------------------+----------
     Total |     2,975        705 |     3,680 
           |     80.84      19.16 |    100.00 

+----------------+
| Key            |
|----------------|
|   frequency    |
| row percentage |
+----------------+

   Grouped |  Autoimmune disease
       age |         0          1 |     Total
-----------+----------------------+----------
    30-<40 |       356         79 |       435 
           |     81.84      18.16 |    100.00 
-----------+----------------------+----------
    40-<50 |       679        164 |       843 
           |     80.55      19.45 |    100.00 
-----------+----------------------+----------
    50-<60 |       662        179 |       841 
           |     78.72      21.28 |    100.00 
-----------+----------------------+----------
    60-<70 |       536        150 |       686 
           |     78.13      21.87 |    100.00 
-----------+----------------------+----------
    70-<80 |       416        119 |       535 
           |     77.76      22.24 |    100.00 
-----------+----------------------+----------
       80+ |       274         66 |       340 
           |     80.59      19.41 |    100.00 
-----------+----------------------+----------
     Total |     2,923        757 |     3,680 
           |     79.43      20.57 |    100.00 

+----------------+
| Key            |
|----------------|
|   frequency    |
| row percentage |
+----------------+

           | Immunosupp
           |   ressed
           | (combinati
           |     on
   Grouped | algorithm)
       age |         1 |     Total
-----------+-----------+----------
    30-<40 |       435 |       435 
           |    100.00 |    100.00 
-----------+-----------+----------
    40-<50 |       843 |       843 
           |    100.00 |    100.00 
-----------+-----------+----------
    50-<60 |       841 |       841 
           |    100.00 |    100.00 
-----------+-----------+----------
    60-<70 |       686 |       686 
           |    100.00 |    100.00 
-----------+-----------+----------
    70-<80 |       535 |       535 
           |    100.00 |    100.00 
-----------+-----------+----------
       80+ |       340 |       340 
           |    100.00 |    100.00 
-----------+-----------+----------
     Total |     3,680 |     3,680 
           |    100.00 |    100.00 

+----------------+
| Key            |
|----------------|
|   frequency    |
| row percentage |
+----------------+

   Grouped |        Cancer
       age |         0          1 |     Total
-----------+----------------------+----------
    30-<40 |       348         87 |       435 
           |     80.00      20.00 |    100.00 
-----------+----------------------+----------
    40-<50 |       660        183 |       843 
           |     78.29      21.71 |    100.00 
-----------+----------------------+----------
    50-<60 |       678        163 |       841 
           |     80.62      19.38 |    100.00 
-----------+----------------------+----------
    60-<70 |       548        138 |       686 
           |     79.88      20.12 |    100.00 
-----------+----------------------+----------
    70-<80 |       420        115 |       535 
           |     78.50      21.50 |    100.00 
-----------+----------------------+----------
       80+ |       276         64 |       340 
           |     81.18      18.82 |    100.00 
-----------+----------------------+----------
     Total |     2,930        750 |     3,680 
           |     79.62      20.38 |    100.00 

+----------------+
| Key            |
|----------------|
|   frequency    |
| row percentage |
+----------------+

           |    Chronic kidney
   Grouped |        disease
       age |    No CKD        CKD |     Total
-----------+----------------------+----------
    30-<40 |       338         97 |       435 
           |     77.70      22.30 |    100.00 
-----------+----------------------+----------
    40-<50 |       675        168 |       843 
           |     80.07      19.93 |    100.00 
-----------+----------------------+----------
    50-<60 |       687        154 |       841 
           |     81.69      18.31 |    100.00 
-----------+----------------------+----------
    60-<70 |       544        142 |       686 
           |     79.30      20.70 |    100.00 
-----------+----------------------+----------
    70-<80 |       412        123 |       535 
           |     77.01      22.99 |    100.00 
-----------+----------------------+----------
       80+ |       260         80 |       340 
           |     76.47      23.53 |    100.00 
-----------+----------------------+----------
     Total |     2,916        764 |     3,680 
           |     79.24      20.76 |    100.00 

+----------------+
| Key            |
|----------------|
|   frequency    |
| row percentage |
+----------------+

           |       Diagnosed
   Grouped |     hypertension
       age |         0          1 |     Total
-----------+----------------------+----------
    30-<40 |       336         99 |       435 
           |     77.24      22.76 |    100.00 
-----------+----------------------+----------
    40-<50 |       677        166 |       843 
           |     80.31      19.69 |    100.00 
-----------+----------------------+----------
    50-<60 |       690        151 |       841 
           |     82.05      17.95 |    100.00 
-----------+----------------------+----------
    60-<70 |       558        128 |       686 
           |     81.34      18.66 |    100.00 
-----------+----------------------+----------
    70-<80 |       413        122 |       535 
           |     77.20      22.80 |    100.00 
-----------+----------------------+----------
       80+ |       271         69 |       340 
           |     79.71      20.29 |    100.00 
-----------+----------------------+----------
     Total |     2,945        735 |     3,680 
           |     80.03      19.97 |    100.00 

. 
. 
.  * Relationships with sex
. foreach var of varlist asthma                                           ///
>                                         chronic_respiratory_disease     ///
>                                         chronic_cardiac_disease         ///
>                                         diabetes                                        
>         ///
>                                         chronic_liver_disease           ///
>                                         neurological_disease                    ///
>                                         ra_sle_psoriasis                                
> ///
>                                         immunodef_any                           ///
>                                         cancer                                          
> ///
>                                         ckd                                             
>         ///
>                                         hypertension                     ///    
>                                                                                 {
  2.                                                 
.         tab male `var', row 
  3. }

+----------------+
| Key            |
|----------------|
|   frequency    |
| row percentage |
+----------------+

           |      Asthma ever
      Male |         0          1 |     Total
-----------+----------------------+----------
         0 |     1,509        369 |     1,878 
           |     80.35      19.65 |    100.00 
-----------+----------------------+----------
         1 |     1,451        351 |     1,802 
           |     80.52      19.48 |    100.00 
-----------+----------------------+----------
     Total |     2,960        720 |     3,680 
           |     80.43      19.57 |    100.00 

+----------------+
| Key            |
|----------------|
|   frequency    |
| row percentage |
+----------------+

           |  Chronic Respiratory
           |       Diseases
      Male |         0          1 |     Total
-----------+----------------------+----------
         0 |     1,507        371 |     1,878 
           |     80.24      19.76 |    100.00 
-----------+----------------------+----------
         1 |     1,461        341 |     1,802 
           |     81.08      18.92 |    100.00 
-----------+----------------------+----------
     Total |     2,968        712 |     3,680 
           |     80.65      19.35 |    100.00 

+----------------+
| Key            |
|----------------|
|   frequency    |
| row percentage |
+----------------+

           |    Chronic Cardiac
           |       Diseases
      Male |         0          1 |     Total
-----------+----------------------+----------
         0 |     1,489        389 |     1,878 
           |     79.29      20.71 |    100.00 
-----------+----------------------+----------
         1 |     1,449        353 |     1,802 
           |     80.41      19.59 |    100.00 
-----------+----------------------+----------
     Total |     2,938        742 |     3,680 
           |     79.84      20.16 |    100.00 

+----------------+
| Key            |
|----------------|
|   frequency    |
| row percentage |
+----------------+

           |       Diabetes
      Male |         0          1 |     Total
-----------+----------------------+----------
         0 |     1,496        382 |     1,878 
           |     79.66      20.34 |    100.00 
-----------+----------------------+----------
         1 |     1,453        349 |     1,802 
           |     80.63      19.37 |    100.00 
-----------+----------------------+----------
     Total |     2,949        731 |     3,680 
           |     80.14      19.86 |    100.00 

+----------------+
| Key            |
|----------------|
|   frequency    |
| row percentage |
+----------------+

           | Chronic liver disease
      Male |         0          1 |     Total
-----------+----------------------+----------
         0 |     1,527        351 |     1,878 
           |     81.31      18.69 |    100.00 
-----------+----------------------+----------
         1 |     1,435        367 |     1,802 
           |     79.63      20.37 |    100.00 
-----------+----------------------+----------
     Total |     2,962        718 |     3,680 
           |     80.49      19.51 |    100.00 

+----------------+
| Key            |
|----------------|
|   frequency    |
| row percentage |
+----------------+

           | Neurological disease
      Male |         0          1 |     Total
-----------+----------------------+----------
         0 |     1,556        322 |     1,878 
           |     82.85      17.15 |    100.00 
-----------+----------------------+----------
         1 |     1,419        383 |     1,802 
           |     78.75      21.25 |    100.00 
-----------+----------------------+----------
     Total |     2,975        705 |     3,680 
           |     80.84      19.16 |    100.00 

+----------------+
| Key            |
|----------------|
|   frequency    |
| row percentage |
+----------------+

           |  Autoimmune disease
      Male |         0          1 |     Total
-----------+----------------------+----------
         0 |     1,472        406 |     1,878 
           |     78.38      21.62 |    100.00 
-----------+----------------------+----------
         1 |     1,451        351 |     1,802 
           |     80.52      19.48 |    100.00 
-----------+----------------------+----------
     Total |     2,923        757 |     3,680 
           |     79.43      20.57 |    100.00 

+----------------+
| Key            |
|----------------|
|   frequency    |
| row percentage |
+----------------+

           | Immunosupp
           |   ressed
           | (combinati
           |     on
           | algorithm)
      Male |         1 |     Total
-----------+-----------+----------
         0 |     1,878 |     1,878 
           |    100.00 |    100.00 
-----------+-----------+----------
         1 |     1,802 |     1,802 
           |    100.00 |    100.00 
-----------+-----------+----------
     Total |     3,680 |     3,680 
           |    100.00 |    100.00 

+----------------+
| Key            |
|----------------|
|   frequency    |
| row percentage |
+----------------+

           |        Cancer
      Male |         0          1 |     Total
-----------+----------------------+----------
         0 |     1,491        387 |     1,878 
           |     79.39      20.61 |    100.00 
-----------+----------------------+----------
         1 |     1,439        363 |     1,802 
           |     79.86      20.14 |    100.00 
-----------+----------------------+----------
     Total |     2,930        750 |     3,680 
           |     79.62      20.38 |    100.00 

+----------------+
| Key            |
|----------------|
|   frequency    |
| row percentage |
+----------------+

           |    Chronic kidney
           |        disease
      Male |    No CKD        CKD |     Total
-----------+----------------------+----------
         0 |     1,448        430 |     1,878 
           |     77.10      22.90 |    100.00 
-----------+----------------------+----------
         1 |     1,468        334 |     1,802 
           |     81.47      18.53 |    100.00 
-----------+----------------------+----------
     Total |     2,916        764 |     3,680 
           |     79.24      20.76 |    100.00 

+----------------+
| Key            |
|----------------|
|   frequency    |
| row percentage |
+----------------+

           |       Diagnosed
           |     hypertension
      Male |         0          1 |     Total
-----------+----------------------+----------
         0 |     1,507        371 |     1,878 
           |     80.24      19.76 |    100.00 
-----------+----------------------+----------
         1 |     1,438        364 |     1,802 
           |     79.80      20.20 |    100.00 
-----------+----------------------+----------
     Total |     2,945        735 |     3,680 
           |     80.03      19.97 |    100.00 

. 
.  * Relationships with smoking
. foreach var of varlist  asthma                                          ///
>                                         chronic_respiratory_disease     ///
>                                         chronic_cardiac_disease         ///
>                                         diabetes                                        
>         ///
>                                         chronic_liver_disease           ///
>                                         neurological_disease                    ///
>                                         ra_sle_psoriasis                                
> ///
>                                         immunodef_any                           ///
>                                         cancer                                          
> ///
>                                         ckd                                             
>         ///
>                                         hypertension                            
{ required
r(100);

end of do-file

r(100);

. do "C:\Users\ENCDHFOR\AppData\Local\Temp\STD23f4_000000.tmp"

.  * Relationships with smoking
. foreach var of varlist  asthma                                          ///
>                                         chronic_respiratory_disease     ///
>                                         chronic_cardiac_disease         ///
>                                         diabetes                                        
>         ///
>                                         chronic_liver_disease           ///
>                                         neurological_disease                    ///
>                                         ra_sle_psoriasis                                
> ///
>                                         immunodef_any                           ///
>                                         cancer                                          
> ///
>                                         ckd                                             
>         ///
>                                         hypertension                            ///
>                                         {
  2.         
.         tab smoke `var', row 
  3. }

+----------------+
| Key            |
|----------------|
|   frequency    |
| row percentage |
+----------------+

     Smoking |      Asthma ever
      status |         0          1 |     Total
-------------+----------------------+----------
       Never |       109         25 |       134 
             |     81.34      18.66 |    100.00 
-------------+----------------------+----------
      Former |        51          9 |        60 
             |     85.00      15.00 |    100.00 
-------------+----------------------+----------
     Current |       369         98 |       467 
             |     79.01      20.99 |    100.00 
-------------+----------------------+----------
       Total |       529        132 |       661 
             |     80.03      19.97 |    100.00 

+----------------+
| Key            |
|----------------|
|   frequency    |
| row percentage |
+----------------+

             |  Chronic Respiratory
     Smoking |       Diseases
      status |         0          1 |     Total
-------------+----------------------+----------
       Never |       116         18 |       134 
             |     86.57      13.43 |    100.00 
-------------+----------------------+----------
      Former |        52          8 |        60 
             |     86.67      13.33 |    100.00 
-------------+----------------------+----------
     Current |       370         97 |       467 
             |     79.23      20.77 |    100.00 
-------------+----------------------+----------
       Total |       538        123 |       661 
             |     81.39      18.61 |    100.00 

+----------------+
| Key            |
|----------------|
|   frequency    |
| row percentage |
+----------------+

             |    Chronic Cardiac
     Smoking |       Diseases
      status |         0          1 |     Total
-------------+----------------------+----------
       Never |       102         32 |       134 
             |     76.12      23.88 |    100.00 
-------------+----------------------+----------
      Former |        52          8 |        60 
             |     86.67      13.33 |    100.00 
-------------+----------------------+----------
     Current |       361        106 |       467 
             |     77.30      22.70 |    100.00 
-------------+----------------------+----------
       Total |       515        146 |       661 
             |     77.91      22.09 |    100.00 

+----------------+
| Key            |
|----------------|
|   frequency    |
| row percentage |
+----------------+

     Smoking |       Diabetes
      status |         0          1 |     Total
-------------+----------------------+----------
       Never |       114         20 |       134 
             |     85.07      14.93 |    100.00 
-------------+----------------------+----------
      Former |        49         11 |        60 
             |     81.67      18.33 |    100.00 
-------------+----------------------+----------
     Current |       368         99 |       467 
             |     78.80      21.20 |    100.00 
-------------+----------------------+----------
       Total |       531        130 |       661 
             |     80.33      19.67 |    100.00 

+----------------+
| Key            |
|----------------|
|   frequency    |
| row percentage |
+----------------+

     Smoking | Chronic liver disease
      status |         0          1 |     Total
-------------+----------------------+----------
       Never |       111         23 |       134 
             |     82.84      17.16 |    100.00 
-------------+----------------------+----------
      Former |        44         16 |        60 
             |     73.33      26.67 |    100.00 
-------------+----------------------+----------
     Current |       365        102 |       467 
             |     78.16      21.84 |    100.00 
-------------+----------------------+----------
       Total |       520        141 |       661 
             |     78.67      21.33 |    100.00 

+----------------+
| Key            |
|----------------|
|   frequency    |
| row percentage |
+----------------+

     Smoking | Neurological disease
      status |         0          1 |     Total
-------------+----------------------+----------
       Never |       111         23 |       134 
             |     82.84      17.16 |    100.00 
-------------+----------------------+----------
      Former |        49         11 |        60 
             |     81.67      18.33 |    100.00 
-------------+----------------------+----------
     Current |       374         93 |       467 
             |     80.09      19.91 |    100.00 
-------------+----------------------+----------
       Total |       534        127 |       661 
             |     80.79      19.21 |    100.00 

+----------------+
| Key            |
|----------------|
|   frequency    |
| row percentage |
+----------------+

     Smoking |  Autoimmune disease
      status |         0          1 |     Total
-------------+----------------------+----------
       Never |       112         22 |       134 
             |     83.58      16.42 |    100.00 
-------------+----------------------+----------
      Former |        46         14 |        60 
             |     76.67      23.33 |    100.00 
-------------+----------------------+----------
     Current |       374         93 |       467 
             |     80.09      19.91 |    100.00 
-------------+----------------------+----------
       Total |       532        129 |       661 
             |     80.48      19.52 |    100.00 

+----------------+
| Key            |
|----------------|
|   frequency    |
| row percentage |
+----------------+

             | Immunosupp
             |   ressed
             | (combinati
             |     on
     Smoking | algorithm)
      status |         1 |     Total
-------------+-----------+----------
       Never |       134 |       134 
             |    100.00 |    100.00 
-------------+-----------+----------
      Former |        60 |        60 
             |    100.00 |    100.00 
-------------+-----------+----------
     Current |       467 |       467 
             |    100.00 |    100.00 
-------------+-----------+----------
       Total |       661 |       661 
             |    100.00 |    100.00 

+----------------+
| Key            |
|----------------|
|   frequency    |
| row percentage |
+----------------+

     Smoking |        Cancer
      status |         0          1 |     Total
-------------+----------------------+----------
       Never |        95         39 |       134 
             |     70.90      29.10 |    100.00 
-------------+----------------------+----------
      Former |        46         14 |        60 
             |     76.67      23.33 |    100.00 
-------------+----------------------+----------
     Current |       372         95 |       467 
             |     79.66      20.34 |    100.00 
-------------+----------------------+----------
       Total |       513        148 |       661 
             |     77.61      22.39 |    100.00 

+----------------+
| Key            |
|----------------|
|   frequency    |
| row percentage |
+----------------+

             |    Chronic kidney
     Smoking |        disease
      status |    No CKD        CKD |     Total
-------------+----------------------+----------
       Never |       102         32 |       134 
             |     76.12      23.88 |    100.00 
-------------+----------------------+----------
      Former |        50         10 |        60 
             |     83.33      16.67 |    100.00 
-------------+----------------------+----------
     Current |       380         87 |       467 
             |     81.37      18.63 |    100.00 
-------------+----------------------+----------
       Total |       532        129 |       661 
             |     80.48      19.52 |    100.00 

+----------------+
| Key            |
|----------------|
|   frequency    |
| row percentage |
+----------------+

             |       Diagnosed
     Smoking |     hypertension
      status |         0          1 |     Total
-------------+----------------------+----------
       Never |       111         23 |       134 
             |     82.84      17.16 |    100.00 
-------------+----------------------+----------
      Former |        51          9 |        60 
             |     85.00      15.00 |    100.00 
-------------+----------------------+----------
     Current |       374         93 |       467 
             |     80.09      19.91 |    100.00 
-------------+----------------------+----------
       Total |       536        125 |       661 
             |     81.09      18.91 |    100.00 

. 
. 
. /* SENSE CHECK OUTCOMES=======================================================*/
. 
. tab onscoviddeath cpnsdeath, row col

+-------------------+
| Key               |
|-------------------|
|     frequency     |
|  row percentage   |
| column percentage |
+-------------------+

Failure/ce |
   nsoring |
 indicator |   Failure/censoring
       for |     indicator for
  outcome: |  outcome: CPNS covid
 ONS covid |         death
     death |         0          1 |     Total
-----------+----------------------+----------
         0 |     3,674          5 |     3,679 
           |     99.86       0.14 |    100.00 
           |     99.97     100.00 |     99.97 
-----------+----------------------+----------
         1 |         1          0 |         1 
           |    100.00       0.00 |    100.00 
           |      0.03       0.00 |      0.03 
-----------+----------------------+----------
     Total |     3,675          5 |     3,680 
           |     99.86       0.14 |    100.00 
           |    100.00     100.00 |    100.00 

. 
. 
. * Close log file 
. log close
      name:  <unnamed>
       log:  C:\Users\ENCDHFOR\Documents\GitHub\school-age-children-and-covid\analysis\log
> \02_an_checks.log
  log type:  text
 closed on:  26 Jun 2020, 15:08:31
------------------------------------------------------------------------------------------
