-------------------------------------------------------------------------------
      name:  <unnamed>
       log:  /workspace/log/07d_an_multivariable_cox_models_covidadmission_Sens
> e5_time_ints.log
  log type:  text
 opened on:  21 Oct 2020, 08:05:37

. 
. 
. ******************************
. *  Multivariable Cox models  *
. ******************************
. use "$tempdir/cr_create_analysis_dataset_STSET_`outcome'_ageband_0.dta", clea
> r

. *make vars binary
. gen anyreduced_kidney_function = reduced_kidney_function_cat>=2

. gen anyobesity = obese4cat>=2

. gen highimd = imd>=3

. gen anydiab= diabcat>=2

. 
. stsplit timeperiod, at(60 90)
(9,105,937 observations (episodes) created)

. 
. /*Age and sex adjusted
> stcox i.kids_cat3 age1 age2 age3 i.male, strata(stp) vce(cluster household_id
> )
> estimates
> estimates save ./output/an_univariable_cox_models_`outcome'_AGESEX_time_int_a
> geband_0, replace                                          
> 
> *Minimally adjusted
> stcox   i.kids_cat3     ///
>                         age1 age2 age3          ///
>                         i.male                                               
>    ///
>                         i.obese4cat                                     ///
>                         i.smoke_nomiss                                  ///
>                         i.imd                                           ///
>                 60.timeperiod#1.anyobesity                                   
>                    ///
>                         90.timeperiod#1.anyobesity                           
>                    ///
>                 60.timeperiod#3.smoke_nomiss                                 
>            ///
>                         90.timeperiod#3.smoke_nomiss                         
>            ///
>                 60.timeperiod#1.highimd                                      
>                    ///
>                         90.timeperiod#1.highimd                              
>                    ///
>                         , strata(stp) vce(cluster household_id)
> estimates
> estimates save ./output/an_multivariate_cox_models_`outcome'_kids_cat3_DEMOGA
> DJ_time_int_ageband_0, replace
> estat phtest, d
> */
. 
. *Fully adjusted
.  stcox  i.kids_cat3      ///
>                         age1 age2 age3          ///
>                         i.male                                               
>    ///
>                         i.obese4cat                                     ///
>                         i.smoke_nomiss                                  ///
>                         i.imd                                           ///
>                         i.ethnicity ///
>                         $comordidadjlist        ///     
>                 60.timeperiod#1.anyobesity                                   
>                    ///
>                         90.timeperiod#1.anyobesity                           
>                    ///
>                 60.timeperiod#3.smoke_nomiss                                 
>            ///
>                         90.timeperiod#3.smoke_nomiss                         
>            ///
>                 60.timeperiod#1.highimd                                      
>                    ///
>                         90.timeperiod#1.highimd                              
>                    ///
>                 60.timeperiod#1.anydiab                                 ///
>                         90.timeperiod#1.anydiab                              
>    ///             
>                 60.timeperiod#1.chronic_liver_disease                        
>    ///
>                         90.timeperiod#1.chronic_liver_disease                
>    ///
>                 60.timeperiod#1.cancer_exhaem_cat                            
>            ///
>                         90.timeperiod#1.cancer_exhaem_cat                    
>            ///
>                 60.timeperiod#1.asplenia                                     
>            ///
>                         90.timeperiod#1.asplenia                             
>                    ///
>                 60.timeperiod#1.other_immuno                                 
>            ///
>                         90.timeperiod#1.other_immuno                         
>            ///
>                         , strata(stp) vce(cluster household_id)

         failure _d:  covidadmission
   analysis time _t:  (stime_covidadmission-origin)
             origin:  time enter_date
  enter on or after:  time enter_date
                 id:  patient_id

note: 90.timeperiod#1.anyobesity identifies no observations in the sample
note: 90.timeperiod#3.smoke_nomiss identifies no observations in the sample
note: 90.timeperiod#1.highimd identifies no observations in the sample
note: 90.timeperiod#1.anydiab identifies no observations in the sample
note: 90.timeperiod#1.chronic_liver_disease identifies no observations in the s
> ample
note: 90.timeperiod#1.cancer_exhaem_cat identifies no observations in the sampl
> e
note: 90.timeperiod#1.asplenia identifies no observations in the sample
note: 90.timeperiod#1.other_immuno identifies no observations in the sample
Iteration 0:   log pseudolikelihood = -61548.259
Iteration 1:   log pseudolikelihood = -60183.865
Iteration 2:   log pseudolikelihood = -58784.515
Iteration 3:   log pseudolikelihood = -58140.862
Iteration 4:   log pseudolikelihood = -58104.959
Iteration 5:   log pseudolikelihood = -58104.487
Iteration 6:   log pseudolikelihood = -58104.486
Refining estimates:
Iteration 0:   log pseudolikelihood = -58104.486

Stratified Cox regr. -- Breslow method for ties

No. of subjects      =    9,157,814             Number of obs    =  18,263,751
No. of failures      =        4,776
Time at risk         =    820735186
                                                Wald chi2(52)    =    10103.41
Log pseudolikelihood =   -58104.486             Prob > chi2      =      0.0000

                   (Std. Err. adjusted for 5,740,058 clusters in household_id)
------------------------------------------------------------------------------
             |               Robust
          _t | Haz. Ratio   Std. Err.      z    P>|z|     [95% Conf. Interval]
-------------+----------------------------------------------------------------
   kids_cat3 |
Kids unde..  |   .9664992   .0385171    -0.86   0.393     .8938801    1.045018
Kids unde..  |   1.080416   .0538168     1.55   0.120     .9799226    1.191216
             |
        age1 |   1.070258   .0096713     7.51   0.000      1.05147    1.089383
        age2 |   .9900945   .0226233    -0.44   0.663     .9467319    1.035443
        age3 |   .9464468   .0569369    -0.91   0.360     .8411805    1.064886
      1.male |   1.530027   .0464357    14.01   0.000     1.441668      1.6238
             |
   obese4cat |
Obese I ..)  |   1.636008   .0913959     8.81   0.000     1.466334    1.825315
Obese II..)  |   2.223823   .1394567    12.74   0.000     1.966623    2.514661
Obese II..)  |   2.852811   .2004359    14.92   0.000     2.485812    3.273992
             |
smoke_nomiss |
     Former  |   .9802341   .0316711    -0.62   0.537     .9200844    1.044316
    Current  |   .3420066   .0320133   -11.46   0.000     .2846809     .410876
             |
         imd |
          2  |    1.03246   .0551749     0.60   0.550     .9297895    1.146467
          3  |   .9176557   .0634245    -1.24   0.214      .801398    1.050779
          4  |   .9936283   .0669291    -0.09   0.924       .87074     1.13386
5 most de..  |   1.079651   .0740854     1.12   0.264     .9437878    1.235073
             |
   ethnicity |
      Mixed  |   2.415164   .2248641     9.47   0.000     2.012312    2.898664
Asian or ..  |   2.421218   .1130625    18.94   0.000     2.209458    2.653273
      Black  |   2.974785   .1687409    19.22   0.000     2.661781    3.324597
      Other  |   2.526793   .1866503    12.55   0.000     2.186214    2.920429
             |
1.htdiag_o~p |   1.259528    .043701     6.65   0.000     1.176723     1.34816
1.~y_disease |   2.353826   .1372839    14.68   0.000     2.099564     2.63888
    1.asthma |   1.375442   .0494328     8.87   0.000     1.281889    1.475822
1.~c_disease |   1.522984   .0777617     8.24   0.000     1.377952    1.683281
             |
     diabcat |
T1DM, con..  |   1.842571   .4539058     2.48   0.013     1.136936    2.986155
T1DM, unc..  |   2.408872   .3549084     5.97   0.000     1.804692    3.215323
T2DM, con..  |   1.562326    .111559     6.25   0.000     1.358285    1.797018
T2DM, unc..  |   2.338996   .1649918    12.05   0.000     2.036977    2.685796
Diabetes,..  |   2.119514   .7165619     2.22   0.026     1.092606    4.111584
             |
cancer_exh~t |
  Last year  |   3.527829   .5899911     7.54   0.000     2.541869    4.896229
2-5 years..  |   1.680994   .2368713     3.69   0.000     1.275328    2.215696
   5+ years  |   1.537318   .1952696     3.39   0.001     1.198517    1.971892
             |
cancer_hae~t |
  Last year  |   3.512663   1.194179     3.70   0.000     1.804092    6.839341
2-5 years..  |   4.863635   .8391645     9.17   0.000     3.468134    6.820654
   5+ years  |   1.415515   .2936347     1.68   0.094     .9426299    2.125631
             |
1.~r_disease |   1.450626   .2748496     1.96   0.050     1.000641    2.102966
1.stroke_d~a |   1.461029   .1252571     4.42   0.000     1.235047     1.72836
1.other_ne~o |   2.575835    .247446     9.85   0.000     2.133772    3.109483
             |
reduced_ki~t |
Stage 3a/..  |   1.576687    .114995     6.24   0.000      1.36667    1.818979
Stage 4/5..  |   2.687642     .40439     6.57   0.000     2.001231    3.609487
             |
      1.esrd |   3.740635   .5457712     9.04   0.000     2.810296    4.978958
1.other_tr~t |   1.074902   .3564787     0.22   0.828     .5611482    2.059017
  1.asplenia |   2.559528   .8626261     2.79   0.005     1.322157    4.954918
1.ra_sle_p~s |    1.24607   .0719298     3.81   0.000     1.112773    1.395335
1.other_im~o |   1.281783   .3152911     1.01   0.313     .7914753     2.07583
             |
  timeperiod#|
  anyobesity |
       60 1  |   1.010977   .0651228     0.17   0.865     .8910678    1.147023
       90 1  |          1  (empty)
             |
  timeperiod#|
smoke_nomiss |
 60#Current  |   1.018243   .1147284     0.16   0.873     .8164776    1.269869
 90#Current  |          1  (empty)
             |
  timeperiod#|
     highimd |
       60 1  |   1.332094   .0911355     4.19   0.000      1.16493    1.523246
       90 1  |          1  (empty)
             |
  timeperiod#|
     anydiab |
       60 1  |   .9513342   .0718287    -0.66   0.509     .8204738    1.103066
       90 1  |          1  (empty)
             |
  timeperiod#|
chronic_l~se |
       60 1  |   1.508617   .3350625     1.85   0.064     .9761759    2.331472
       90 1  |          1  (empty)
             |
  timeperiod#|
cancer_exh~t |
   60#Never  |   1.682939   .2360226     3.71   0.000     1.278474    2.215361
   90#Never  |          1  (empty)
             |
  timeperiod#|
    asplenia |
       60 1  |   .4534851    .228945    -1.57   0.117     .1685886    1.219826
       90 1  |          1  (empty)
             |
  timeperiod#|
other_immuno |
       60 1  |   .8428354   .2693645    -0.54   0.593     .4505101    1.576816
       90 1  |          1  (empty)
------------------------------------------------------------------------------
                                                             Stratified by stp

. estimates

-------------------------------------------------------------------------------
active results
-------------------------------------------------------------------------------

Stratified Cox regr. -- Breslow method for ties

No. of subjects      =    9,157,814             Number of obs    =  18,263,751
No. of failures      =        4,776
Time at risk         =    820735186
                                                Wald chi2(52)    =    10103.41
Log pseudolikelihood =   -58104.486             Prob > chi2      =      0.0000

                   (Std. Err. adjusted for 5,740,058 clusters in household_id)
------------------------------------------------------------------------------
             |               Robust
          _t | Haz. Ratio   Std. Err.      z    P>|z|     [95% Conf. Interval]
-------------+----------------------------------------------------------------
   kids_cat3 |
Kids unde..  |   .9664992   .0385171    -0.86   0.393     .8938801    1.045018
Kids unde..  |   1.080416   .0538168     1.55   0.120     .9799226    1.191216
             |
        age1 |   1.070258   .0096713     7.51   0.000      1.05147    1.089383
        age2 |   .9900945   .0226233    -0.44   0.663     .9467319    1.035443
        age3 |   .9464468   .0569369    -0.91   0.360     .8411805    1.064886
      1.male |   1.530027   .0464357    14.01   0.000     1.441668      1.6238
             |
   obese4cat |
Obese I ..)  |   1.636008   .0913959     8.81   0.000     1.466334    1.825315
Obese II..)  |   2.223823   .1394567    12.74   0.000     1.966623    2.514661
Obese II..)  |   2.852811   .2004359    14.92   0.000     2.485812    3.273992
             |
smoke_nomiss |
     Former  |   .9802341   .0316711    -0.62   0.537     .9200844    1.044316
    Current  |   .3420066   .0320133   -11.46   0.000     .2846809     .410876
             |
         imd |
          2  |    1.03246   .0551749     0.60   0.550     .9297895    1.146467
          3  |   .9176557   .0634245    -1.24   0.214      .801398    1.050779
          4  |   .9936283   .0669291    -0.09   0.924       .87074     1.13386
5 most de..  |   1.079651   .0740854     1.12   0.264     .9437878    1.235073
             |
   ethnicity |
      Mixed  |   2.415164   .2248641     9.47   0.000     2.012312    2.898664
Asian or ..  |   2.421218   .1130625    18.94   0.000     2.209458    2.653273
      Black  |   2.974785   .1687409    19.22   0.000     2.661781    3.324597
      Other  |   2.526793   .1866503    12.55   0.000     2.186214    2.920429
             |
1.htdiag_o~p |   1.259528    .043701     6.65   0.000     1.176723     1.34816
1.~y_disease |   2.353826   .1372839    14.68   0.000     2.099564     2.63888
    1.asthma |   1.375442   .0494328     8.87   0.000     1.281889    1.475822
1.~c_disease |   1.522984   .0777617     8.24   0.000     1.377952    1.683281
             |
     diabcat |
T1DM, con..  |   1.842571   .4539058     2.48   0.013     1.136936    2.986155
T1DM, unc..  |   2.408872   .3549084     5.97   0.000     1.804692    3.215323
T2DM, con..  |   1.562326    .111559     6.25   0.000     1.358285    1.797018
T2DM, unc..  |   2.338996   .1649918    12.05   0.000     2.036977    2.685796
Diabetes,..  |   2.119514   .7165619     2.22   0.026     1.092606    4.111584
             |
cancer_exh~t |
  Last year  |   3.527829   .5899911     7.54   0.000     2.541869    4.896229
2-5 years..  |   1.680994   .2368713     3.69   0.000     1.275328    2.215696
   5+ years  |   1.537318   .1952696     3.39   0.001     1.198517    1.971892
             |
cancer_hae~t |
  Last year  |   3.512663   1.194179     3.70   0.000     1.804092    6.839341
2-5 years..  |   4.863635   .8391645     9.17   0.000     3.468134    6.820654
   5+ years  |   1.415515   .2936347     1.68   0.094     .9426299    2.125631
             |
1.~r_disease |   1.450626   .2748496     1.96   0.050     1.000641    2.102966
1.stroke_d~a |   1.461029   .1252571     4.42   0.000     1.235047     1.72836
1.other_ne~o |   2.575835    .247446     9.85   0.000     2.133772    3.109483
             |
reduced_ki~t |
Stage 3a/..  |   1.576687    .114995     6.24   0.000      1.36667    1.818979
Stage 4/5..  |   2.687642     .40439     6.57   0.000     2.001231    3.609487
             |
      1.esrd |   3.740635   .5457712     9.04   0.000     2.810296    4.978958
1.other_tr~t |   1.074902   .3564787     0.22   0.828     .5611482    2.059017
  1.asplenia |   2.559528   .8626261     2.79   0.005     1.322157    4.954918
1.ra_sle_p~s |    1.24607   .0719298     3.81   0.000     1.112773    1.395335
1.other_im~o |   1.281783   .3152911     1.01   0.313     .7914753     2.07583
             |
  timeperiod#|
  anyobesity |
       60 1  |   1.010977   .0651228     0.17   0.865     .8910678    1.147023
       90 1  |          1  (empty)
             |
  timeperiod#|
smoke_nomiss |
 60#Current  |   1.018243   .1147284     0.16   0.873     .8164776    1.269869
 90#Current  |          1  (empty)
             |
  timeperiod#|
     highimd |
       60 1  |   1.332094   .0911355     4.19   0.000      1.16493    1.523246
       90 1  |          1  (empty)
             |
  timeperiod#|
     anydiab |
       60 1  |   .9513342   .0718287    -0.66   0.509     .8204738    1.103066
       90 1  |          1  (empty)
             |
  timeperiod#|
chronic_l~se |
       60 1  |   1.508617   .3350625     1.85   0.064     .9761759    2.331472
       90 1  |          1  (empty)
             |
  timeperiod#|
cancer_exh~t |
   60#Never  |   1.682939   .2360226     3.71   0.000     1.278474    2.215361
   90#Never  |          1  (empty)
             |
  timeperiod#|
    asplenia |
       60 1  |   .4534851    .228945    -1.57   0.117     .1685886    1.219826
       90 1  |          1  (empty)
             |
  timeperiod#|
other_immuno |
       60 1  |   .8428354   .2693645    -0.54   0.593     .4505101    1.576816
       90 1  |          1  (empty)
------------------------------------------------------------------------------
                                                             Stratified by stp

. estimates save "./output/an_sense_`outcome'_time_int_ageband_0", replace
(note: file ./output/an_sense_covidadmission_time_int_ageband_0.ster not found)
file ./output/an_sense_covidadmission_time_int_ageband_0.ster saved

. estat phtest, d

      Test of proportional-hazards assumption

      Time:  Time
      ----------------------------------------------------------------
                  |       rho            chi2       df       Prob>chi2
      ------------+---------------------------------------------------
      0b.kids_cat3|            .            .        1             .
      1.kids_cat3 |     -0.03842         7.01        1         0.0081
      2.kids_cat3 |     -0.04166         8.77        1         0.0031
      age1        |      0.03502         4.75        1         0.0292
      age2        |     -0.03449         5.00        1         0.0254
      age3        |      0.02944         3.75        1         0.0529
      0b.male     |            .            .        1             .
      1.male      |     -0.06870        25.89        1         0.0000
      1b.obese4cat|            .            .        1             .
      2.obese4cat |      0.02249         2.78        1         0.0955
      3.obese4cat |      0.03742         7.48        1         0.0062
      4.obese4cat |      0.01158         0.75        1         0.3861
      1b.smoke_n~s|            .            .        1             .
      2.smoke_no~s|     -0.02397         2.88        1         0.0898
      3.smoke_no~s|     -0.02260         2.68        1         0.1016
      1b.imd      |            .            .        1             .
      2.imd       |      0.04320         9.61        1         0.0019
      3.imd       |      0.01659         1.51        1         0.2185
      4.imd       |      0.03849         7.86        1         0.0050
      5.imd       |      0.03413         6.18        1         0.0129
      1b.ethnicity|            .            .        1             .
      2.ethnicity |      0.00950         0.47        1         0.4912
      3.ethnicity |      0.04331        11.47        1         0.0007
      4.ethnicity |     -0.00537         0.16        1         0.6870
      5.ethnicity |     -0.00087         0.00        1         0.9503
      0b.htdiag_~p|            .            .        1             .
      1.htdiag_o~p|      0.00129         0.01        1         0.9199
      0b.chronic..|            .            .        1             .
      1.~y_disease|      0.02852         4.67        1         0.0306
      0b.asthma   |            .            .        1             .
      1.asthma    |     -0.05568        16.20        1         0.0001
      0b.chronic..|            .            .        1             .
      1.~c_disease|     -0.01133         0.72        1         0.3948
      1b.diabcat  |            .            .        1             .
      2.diabcat   |      0.02794         3.73        1         0.0535
      3.diabcat   |     -0.00785         0.31        1         0.5755
      4.diabcat   |      0.01328         0.96        1         0.3284
      5.diabcat   |     -0.00065         0.00        1         0.9607
      6.diabcat   |      0.01559         1.24        1         0.2655
      1b.c~exhae~t|            .            .        1             .
      2.cancer_e~t|     -0.00530         0.15        1         0.6980
      3.cancer_e~t|      0.01366         0.87        1         0.3513
      4.cancer_e~t|      0.01455         1.08        1         0.2991
      1b.cancer_..|            .            .        1             .
      2.cancer_h~t|     -0.01524         1.19        1         0.2744
      3.cancer_h~t|     -0.00960         0.48        1         0.4886
      4.cancer_h~t|     -0.00856         0.38        1         0.5374
      0b.chronic..|            .            .        1             .
      1.~r_disease|     -0.01518         1.17        1         0.2788
      0b.stroke_~a|            .            .        1             .
      1.stroke_d~a|     -0.02319         3.21        1         0.0733
      0b.other_n~o|            .            .        1             .
      1.other_ne~o|      0.01150         0.73        1         0.3926
      1b.reduced~t|            .            .        1             .
      2.reduced_~t|     -0.00875         0.40        1         0.5261
      3.reduced_~t|     -0.02536         4.67        1         0.0307
      0b.esrd     |            .            .        1             .
      1.esrd      |      0.02061         3.16        1         0.0753
      0b.other_t~t|            .            .        1             .
      1.other_tr~t|     -0.00468         0.12        1         0.7253
      0b.asplenia |            .            .        1             .
      1.asplenia  |      0.00488         0.12        1         0.7272
      0b.ra_sle_~s|            .            .        1             .
      1.ra_sle_p~s|     -0.00617         0.20        1         0.6576
      0b.other_i~o|            .            .        1             .
      1.other_im~o|      0.00120         0.01        1         0.9291
      60bn.timep~y|     -0.01618         1.44        1         0.2298
      90o.timepe~y|            .            .        1             .
      60bn.timep~s|      0.04982        12.50        1         0.0004
      90o.timepe~s|            .            .        1             .
      60bn.timep~d|     -0.01591         1.29        1         0.2559
      90o.timepe~d|            .            .        1             .
      60bn.timep~b|     -0.00145         0.01        1         0.9146
      90o.timepe~b|            .            .        1             .
      60bn.timep~a|      0.01650         1.39        1         0.2389
      90o.timepe~e|            .            .        1             .
      60bn.timep~t|      0.00932         0.43        1         0.5105
      90o.timepe~t|            .            .        1             .
      60bn.timep~a|      0.02121         2.22        1         0.1359
      90o.timepe~a|            .            .        1             .
      60bn.timep~o|      0.00461         0.11        1         0.7381
      90o.timepe~o|            .            .        1             .
      ------------+---------------------------------------------------
      global test |                    155.06       52         0.0000
      ----------------------------------------------------------------

note: robust variance-covariance matrix used.

. 
. 
. ******************************
. *  Multivariable Cox models  *
. ******************************
. use "$tempdir/cr_create_analysis_dataset_STSET_`outcome'_ageband_1.dta", clea
> r

. stsplit timeperiod, at(60 90)
(2,546,374 observations (episodes) created)

. 
. *make vars binary
. gen anyreduced_kidney_function = reduced_kidney_function_cat>=2

. gen anyobesity = obese4cat>=2

. gen highimd = imd>=3

. gen anydiab= diabcat>=2

. 
. /*
> *Age and sex adjusted
> stcox i.kids_cat3 age1 age2 age3 i.male, strata(stp) vce(cluster household_id
> )
> estimates
> estimates save ./output/an_univariable_cox_models_`outcome'_AGESEX_time_int_a
> geband_1, replace                                          
> 
> *Minimally adjusted
> stcox   i.kids_cat3     ///
>                         age1 age2 age3          ///
>                         i.male                                               
>    ///
>                         i.obese4cat                                     ///
>                         i.smoke_nomiss                                  ///
>                         i.imd                                           ///
>                 60.timeperiod#1.male                                         
>            ///
>                         90.timeperiod#1.male                                 
>            ///
>                         , strata(stp) vce(cluster household_id)
> estimates
> estimates save ./output/an_multivariate_cox_models_`outcome'_kids_cat3_DEMOGA
> DJ_time_int_ageband_1, replace
> estat phtest, d
> */
. 
. 
. *Fully adjusted
. stcox   i.kids_cat3      ///
>                         age1 age2 age3          ///
>                         i.male                                               
>    ///
>                         i.obese4cat                                     ///
>                         i.smoke_nomiss                                  ///
>                         i.imd                                           ///
>                         i.ethnicity ///
>                         `comordidadjlist'       ///     
>                 60.timeperiod#1.male                                         
>            ///
>                         90.timeperiod#1.male                                 
>            ///
>                 60.timeperiod#3.anyreduced_kidney_function                   
>                            ///
>                         90.timeperiod#3.anyreduced_kidney_function           
>                            ///
>                         , strata(stp) vce(cluster household_id)

         failure _d:  covidadmission
   analysis time _t:  (stime_covidadmission-origin)
             origin:  time enter_date
  enter on or after:  time enter_date
                 id:  patient_id

note: 90.timeperiod#1.male identifies no observations in the sample
note: 60.timeperiod#3.anyreduced_kidney_function identifies no observations in 
> the sample
note: 90.timeperiod#3.anyreduced_kidney_function identifies no observations in 
> the sample
Iteration 0:   log pseudolikelihood = -74990.802
Iteration 1:   log pseudolikelihood = -73324.811
Iteration 2:   log pseudolikelihood = -73046.615
Iteration 3:   log pseudolikelihood = -73036.208
Iteration 4:   log pseudolikelihood = -73036.182
Iteration 5:   log pseudolikelihood = -73036.182
Refining estimates:
Iteration 0:   log pseudolikelihood = -73036.182

Stratified Cox regr. -- Breslow method for ties

No. of subjects      =    2,567,671             Number of obs    =   5,114,045
No. of failures      =        6,496
Time at risk         =    229616539
                                                Wald chi2(20)    =     4285.21
Log pseudolikelihood =   -73036.182             Prob > chi2      =      0.0000

                   (Std. Err. adjusted for 2,011,759 clusters in household_id)
------------------------------------------------------------------------------
             |               Robust
          _t | Haz. Ratio   Std. Err.      z    P>|z|     [95% Conf. Interval]
-------------+----------------------------------------------------------------
   kids_cat3 |
Kids unde..  |    1.01357   .0796245     0.17   0.864     .8689294    1.182287
Kids unde..  |   1.049949   .1121375     0.46   0.648     .8516432    1.294431
             |
        age1 |   1.007005   .0149578     0.47   0.638     .9781109    1.036753
        age2 |   1.521345   .1082713     5.90   0.000     1.323273    1.749066
        age3 |   .4117139   .0605048    -6.04   0.000     .3086772    .5491445
      1.male |   1.945703   .0788113    16.43   0.000     1.797208    2.106467
             |
   obese4cat |
Obese I ..)  |   1.382287   .0435693    10.27   0.000     1.299477    1.470374
Obese II..)  |   1.924883   .0882136    14.29   0.000     1.759525    2.105781
Obese II..)  |   2.417033   .1626965    13.11   0.000     2.118294    2.757904
             |
smoke_nomiss |
     Former  |   1.453386   .0412089    13.19   0.000     1.374821     1.53644
    Current  |   1.048686   .0601051     0.83   0.407     .9372581    1.173361
             |
         imd |
          2  |   1.170673   .0501997     3.67   0.000     1.076305    1.273315
          3  |   1.302576   .0554969     6.20   0.000     1.198222    1.416018
          4  |   1.541379   .0652744    10.22   0.000     1.418609    1.674774
5 most de..  |   1.791485   .0791238    13.20   0.000     1.642928    1.953475
             |
   ethnicity |
      Mixed  |   1.394114   .2177638     2.13   0.033     1.026452    1.893467
Asian or ..  |   1.741504   .0917037    10.53   0.000     1.570732    1.930843
      Black  |   1.798644   .1332803     7.92   0.000     1.555503    2.079791
      Other  |   1.368056   .1511579     2.84   0.005     1.101676    1.698846
             |
  timeperiod#|
        male |
       60 1  |   .8575765   .0439019    -3.00   0.003     .7757063    .9480874
       90 1  |          1  (empty)
             |
  timeperiod#|
anyreduced~n |
       60 3  |          1  (empty)
       90 3  |          1  (empty)
------------------------------------------------------------------------------
                                                             Stratified by stp

. estimates

-------------------------------------------------------------------------------
active results
-------------------------------------------------------------------------------

Stratified Cox regr. -- Breslow method for ties

No. of subjects      =    2,567,671             Number of obs    =   5,114,045
No. of failures      =        6,496
Time at risk         =    229616539
                                                Wald chi2(20)    =     4285.21
Log pseudolikelihood =   -73036.182             Prob > chi2      =      0.0000

                   (Std. Err. adjusted for 2,011,759 clusters in household_id)
------------------------------------------------------------------------------
             |               Robust
          _t | Haz. Ratio   Std. Err.      z    P>|z|     [95% Conf. Interval]
-------------+----------------------------------------------------------------
   kids_cat3 |
Kids unde..  |    1.01357   .0796245     0.17   0.864     .8689294    1.182287
Kids unde..  |   1.049949   .1121375     0.46   0.648     .8516432    1.294431
             |
        age1 |   1.007005   .0149578     0.47   0.638     .9781109    1.036753
        age2 |   1.521345   .1082713     5.90   0.000     1.323273    1.749066
        age3 |   .4117139   .0605048    -6.04   0.000     .3086772    .5491445
      1.male |   1.945703   .0788113    16.43   0.000     1.797208    2.106467
             |
   obese4cat |
Obese I ..)  |   1.382287   .0435693    10.27   0.000     1.299477    1.470374
Obese II..)  |   1.924883   .0882136    14.29   0.000     1.759525    2.105781
Obese II..)  |   2.417033   .1626965    13.11   0.000     2.118294    2.757904
             |
smoke_nomiss |
     Former  |   1.453386   .0412089    13.19   0.000     1.374821     1.53644
    Current  |   1.048686   .0601051     0.83   0.407     .9372581    1.173361
             |
         imd |
          2  |   1.170673   .0501997     3.67   0.000     1.076305    1.273315
          3  |   1.302576   .0554969     6.20   0.000     1.198222    1.416018
          4  |   1.541379   .0652744    10.22   0.000     1.418609    1.674774
5 most de..  |   1.791485   .0791238    13.20   0.000     1.642928    1.953475
             |
   ethnicity |
      Mixed  |   1.394114   .2177638     2.13   0.033     1.026452    1.893467
Asian or ..  |   1.741504   .0917037    10.53   0.000     1.570732    1.930843
      Black  |   1.798644   .1332803     7.92   0.000     1.555503    2.079791
      Other  |   1.368056   .1511579     2.84   0.005     1.101676    1.698846
             |
  timeperiod#|
        male |
       60 1  |   .8575765   .0439019    -3.00   0.003     .7757063    .9480874
       90 1  |          1  (empty)
             |
  timeperiod#|
anyreduced~n |
       60 3  |          1  (empty)
       90 3  |          1  (empty)
------------------------------------------------------------------------------
                                                             Stratified by stp

. estimates save "./output/an_sense_`outcome'_time_int_ageband_1", replace
(note: file ./output/an_sense_covidadmission_time_int_ageband_1.ster not found)
file ./output/an_sense_covidadmission_time_int_ageband_1.ster saved

. 
. estat phtest, d

      Test of proportional-hazards assumption

      Time:  Time
      ----------------------------------------------------------------
                  |       rho            chi2       df       Prob>chi2
      ------------+---------------------------------------------------
      0b.kids_cat3|            .            .        1             .
      1.kids_cat3 |     -0.00066         0.00        1         0.9574
      2.kids_cat3 |      0.01564         1.60        1         0.2057
      age1        |     -0.01166         0.89        1         0.3450
      age2        |      0.02083         2.84        1         0.0921
      age3        |     -0.02209         3.18        1         0.0747
      0b.male     |            .            .        1             .
      1.male      |     -0.00637         0.26        1         0.6104
      1b.obese4cat|            .            .        1             .
      2.obese4cat |     -0.02450         3.93        1         0.0473
      3.obese4cat |     -0.00419         0.12        1         0.7339
      4.obese4cat |      0.00165         0.02        1         0.8943
      1b.smoke_n~s|            .            .        1             .
      2.smoke_no~s|     -0.00183         0.02        1         0.8829
      3.smoke_no~s|      0.03307         7.33        1         0.0068
      1b.imd      |            .            .        1             .
      2.imd       |      0.00495         0.17        1         0.6825
      3.imd       |      0.03475         8.17        1         0.0043
      4.imd       |      0.03738         9.50        1         0.0021
      5.imd       |      0.04936        16.77        1         0.0000
      1b.ethnicity|            .            .        1             .
      2.ethnicity |      0.01140         0.89        1         0.3454
      3.ethnicity |      0.01035         0.70        1         0.4042
      4.ethnicity |     -0.01891         2.49        1         0.1149
      5.ethnicity |     -0.00272         0.05        1         0.8240
      60bn.timep~e|     -0.00395         0.10        1         0.7521
      90o.timepe~e|            .            .        1             .
      60bno.time~_|            .            .        1             .
      90o.timepe~_|            .            .        1             .
      ------------+---------------------------------------------------
      global test |                     62.87       20         0.0000
      ----------------------------------------------------------------

note: robust variance-covariance matrix used.

. 
. 
. log close
      name:  <unnamed>
       log:  /workspace/log/07d_an_multivariable_cox_models_covidadmission_Sens
> e5_time_ints.log
  log type:  text
 closed on:  21 Oct 2020, 18:47:58
-------------------------------------------------------------------------------
